INSTRUMENTATION_STATUS: class=org.shufang.android.LibraryUiTest
INSTRUMENTATION_STATUS: current=1
INSTRUMENTATION_STATUS: id=AndroidJUnitRunner
INSTRUMENTATION_STATUS: numtests=5
INSTRUMENTATION_STATUS: stream=
org.shufang.android.LibraryUiTest:
INSTRUMENTATION_STATUS: test=offlineNavigationAndNativeNoteEditing
INSTRUMENTATION_STATUS_CODE: 1
INSTRUMENTATION_STATUS: class=org.shufang.android.LibraryUiTest
INSTRUMENTATION_STATUS: current=1
INSTRUMENTATION_STATUS: id=AndroidJUnitRunner
INSTRUMENTATION_STATUS: numtests=5
INSTRUMENTATION_STATUS: stream=.
INSTRUMENTATION_STATUS: test=offlineNavigationAndNativeNoteEditing
INSTRUMENTATION_STATUS_CODE: 0
INSTRUMENTATION_STATUS: class=org.shufang.android.LibraryOperationsTest
INSTRUMENTATION_STATUS: current=2
INSTRUMENTATION_STATUS: id=AndroidJUnitRunner
INSTRUMENTATION_STATUS: numtests=5
INSTRUMENTATION_STATUS: stream=
org.shufang.android.LibraryOperationsTest:
INSTRUMENTATION_STATUS: test=touchFolderCreationBatchMoveMetadataAndDeletion
INSTRUMENTATION_STATUS_CODE: 1
INSTRUMENTATION_STATUS: class=org.shufang.android.LibraryOperationsTest
INSTRUMENTATION_STATUS: current=2
INSTRUMENTATION_STATUS: id=AndroidJUnitRunner
INSTRUMENTATION_STATUS: numtests=5
INSTRUMENTATION_STATUS: stream=.
INSTRUMENTATION_STATUS: test=touchFolderCreationBatchMoveMetadataAndDeletion
INSTRUMENTATION_STATUS_CODE: 0
INSTRUMENTATION_STATUS: class=org.shufang.android.FeatureFlowTest
INSTRUMENTATION_STATUS: current=3
INSTRUMENTATION_STATUS: id=AndroidJUnitRunner
INSTRUMENTATION_STATUS: numtests=5
INSTRUMENTATION_STATUS: stream=
org.shufang.android.FeatureFlowTest:
INSTRUMENTATION_STATUS: test=nativeLibraryCitationMindMapStudySetAndReviewRoundTrip
INSTRUMENTATION_STATUS_CODE: 1
INSTRUMENTATION_STATUS: class=org.shufang.android.FeatureFlowTest
INSTRUMENTATION_STATUS: current=3
INSTRUMENTATION_STATUS: id=AndroidJUnitRunner
INSTRUMENTATION_STATUS: numtests=5
INSTRUMENTATION_STATUS: stream=.
INSTRUMENTATION_STATUS: test=nativeLibraryCitationMindMapStudySetAndReviewRoundTrip
INSTRUMENTATION_STATUS_CODE: 0
INSTRUMENTATION_STATUS: class=org.shufang.android.ImportTouchTest
INSTRUMENTATION_STATUS: current=4
INSTRUMENTATION_STATUS: id=AndroidJUnitRunner
INSTRUMENTATION_STATUS: numtests=5
INSTRUMENTATION_STATUS: stream=
org.shufang.android.ImportTouchTest:
INSTRUMENTATION_STATUS: test=systemShareImportsAndTouchSelectionSearchAndFormattingWork
INSTRUMENTATION_STATUS_CODE: 1
INSTRUMENTATION_STATUS: class=org.shufang.android.ImportTouchTest
INSTRUMENTATION_STATUS: current=4
INSTRUMENTATION_STATUS: id=AndroidJUnitRunner
INSTRUMENTATION_STATUS: numtests=5
INSTRUMENTATION_STATUS: stream=.
INSTRUMENTATION_STATUS: test=systemShareImportsAndTouchSelectionSearchAndFormattingWork
INSTRUMENTATION_STATUS_CODE: 0
INSTRUMENTATION_STATUS: class=org.shufang.android.ReadingDesignTest
INSTRUMENTATION_STATUS: current=5
INSTRUMENTATION_STATUS: id=AndroidJUnitRunner
INSTRUMENTATION_STATUS: numtests=5
INSTRUMENTATION_STATUS: stream=
org.shufang.android.ReadingDesignTest:
INSTRUMENTATION_STATUS: test=coverShelfAndReadingToolsRemainReachable
INSTRUMENTATION_STATUS_CODE: 1
INSTRUMENTATION_STATUS: class=org.shufang.android.ReadingDesignTest
INSTRUMENTATION_STATUS: current=5
INSTRUMENTATION_STATUS: id=AndroidJUnitRunner
INSTRUMENTATION_STATUS: numtests=5
INSTRUMENTATION_STATUS: stream=.
INSTRUMENTATION_STATUS: test=coverShelfAndReadingToolsRemainReachable
INSTRUMENTATION_STATUS_CODE: 0
INSTRUMENTATION_RESULT: stream=

Time: 23.239

OK (5 tests)


INSTRUMENTATION_CODE: -1
