--------- beginning of crash
10-09 00:08:11.701 10688 10688 F libc    : Fatal signal 11 (SIGSEGV), code 1 (SEGV_MAPERR), fault addr 0x72be80e6cbe0 in tid 10688 (Shutdown thread), pid 10688 (Shutdown thread)
10-09 00:08:11.757 10727 10727 F DEBUG   : *** *** *** *** *** *** *** *** *** *** *** *** *** *** *** ***
10-09 00:08:11.757 10727 10727 F DEBUG   : Build fingerprint: 'HONOR/Bvlgari/Bvlgari:15/V417IR/1100:user/release-keys'
10-09 00:08:11.757 10727 10727 F DEBUG   : Revision: '0'
10-09 00:08:11.757 10727 10727 F DEBUG   : ABI: 'x86_64'
10-09 00:08:11.757 10727 10727 F DEBUG   : Timestamp: 2026-10-09 00:08:11.717114932+0800
10-09 00:08:11.757 10727 10727 F DEBUG   : Process uptime: 3s
10-09 00:08:11.757 10727 10727 F DEBUG   : Cmdline: uiautomator
10-09 00:08:11.757 10727 10727 F DEBUG   : pid: 10688, tid: 10688, name: Shutdown thread  >>> uiautomator <<<
10-09 00:08:11.757 10727 10727 F DEBUG   : uid: 2000
10-09 00:08:11.757 10727 10727 F DEBUG   : signal 11 (SIGSEGV), code 1 (SEGV_MAPERR), fault addr 0x000072be80e6cbe0
10-09 00:08:11.757 10727 10727 F DEBUG   :     rax 0000000000000000  rbx 000072c159dd189c  rcx 0000000000000001  rdx 0000000000000002
10-09 00:08:11.757 10727 10727 F DEBUG   :     r8  0000000000000020  r9  0000000000020002  r10 0000000000000001  r11 0000000000000206
10-09 00:08:11.757 10727 10727 F DEBUG   :     r12 0000000000001000  r13 00000000000005b7  r14 000072be80e6cbe0  r15 0000000000008928
10-09 00:08:11.757 10727 10727 F DEBUG   :     rdi 000072be81232ee8  rsi 0000000000001000
10-09 00:08:11.757 10727 10727 F DEBUG   :     rbp 00007ffc8827abf0  rsp 00007ffc8827ab88  rip 000072be80e6cbe0
10-09 00:08:11.757 10727 10727 F DEBUG   : 4 total frames
10-09 00:08:11.757 10727 10727 F DEBUG   : backtrace:
10-09 00:08:11.757 10727 10727 F DEBUG   :       #00 pc 000072be80e6cbe0  <unknown>
10-09 00:08:11.757 10727 10727 F DEBUG   :       #01 pc 000000000005846f  /apex/com.android.runtime/lib64/bionic/libc.so (__cxa_finalize+287) (BuildId: 52bc34193ef6f6311bbb44f2305d1b1d)
10-09 00:08:11.757 10727 10727 F DEBUG   :       #02 pc 000000000005c83f  /apex/com.android.runtime/lib64/bionic/libc.so (exit+31) (BuildId: 52bc34193ef6f6311bbb44f2305d1b1d)
10-09 00:08:11.757 10727 10727 F DEBUG   :       #03 pc 00000000000520dc  /apex/com.android.runtime/lib64/bionic/libc.so (__libc_init+124) (BuildId: 52bc34193ef6f6311bbb44f2305d1b1d)
10-09 00:08:15.877 10882 10882 F libc    : Fatal signal 11 (SIGSEGV), code 1 (SEGV_MAPERR), fault addr 0x7f0da4e77be0 in tid 10882 (Shutdown thread), pid 10882 (Shutdown thread)
10-09 00:08:15.902 10908 10908 F DEBUG   : *** *** *** *** *** *** *** *** *** *** *** *** *** *** *** ***
10-09 00:08:15.902 10908 10908 F DEBUG   : Build fingerprint: 'HONOR/Bvlgari/Bvlgari:15/V417IR/1100:user/release-keys'
10-09 00:08:15.902 10908 10908 F DEBUG   : Revision: '0'
10-09 00:08:15.902 10908 10908 F DEBUG   : ABI: 'x86_64'
10-09 00:08:15.902 10908 10908 F DEBUG   : Timestamp: 2026-10-09 00:08:15.885661216+0800
10-09 00:08:15.902 10908 10908 F DEBUG   : Process uptime: 3s
10-09 00:08:15.902 10908 10908 F DEBUG   : Cmdline: uiautomator
10-09 00:08:15.902 10908 10908 F DEBUG   : pid: 10882, tid: 10882, name: Shutdown thread  >>> uiautomator <<<
10-09 00:08:15.902 10908 10908 F DEBUG   : uid: 2000
10-09 00:08:15.902 10908 10908 F DEBUG   : signal 11 (SIGSEGV), code 1 (SEGV_MAPERR), fault addr 0x00007f0da4e77be0
10-09 00:08:15.902 10908 10908 F DEBUG   :     rax 0000000000000000  rbx 00007f1090bf689c  rcx 0000000000000001  rdx 0000000000000002
10-09 00:08:15.902 10908 10908 F DEBUG   :     r8  0000000000000020  r9  0000000000020002  r10 0000000000000001  r11 0000000000000206
10-09 00:08:15.902 10908 10908 F DEBUG   :     r12 0000000000001000  r13 00000000000005b7  r14 00007f0da4e77be0  r15 0000000000008928
10-09 00:08:15.902 10908 10908 F DEBUG   :     rdi 00007f0da523dee8  rsi 0000000000001000
10-09 00:08:15.902 10908 10908 F DEBUG   :     rbp 00007ffda42cf150  rsp 00007ffda42cf0e8  rip 00007f0da4e77be0
10-09 00:08:15.902 10908 10908 F DEBUG   : 4 total frames
10-09 00:08:15.902 10908 10908 F DEBUG   : backtrace:
10-09 00:08:15.902 10908 10908 F DEBUG   :       #00 pc 00007f0da4e77be0  <unknown>
10-09 00:08:15.902 10908 10908 F DEBUG   :       #01 pc 000000000005846f  /apex/com.android.runtime/lib64/bionic/libc.so (__cxa_finalize+287) (BuildId: 52bc34193ef6f6311bbb44f2305d1b1d)
10-09 00:08:15.902 10908 10908 F DEBUG   :       #02 pc 000000000005c83f  /apex/com.android.runtime/lib64/bionic/libc.so (exit+31) (BuildId: 52bc34193ef6f6311bbb44f2305d1b1d)
10-09 00:08:15.902 10908 10908 F DEBUG   :       #03 pc 00000000000520dc  /apex/com.android.runtime/lib64/bionic/libc.so (__libc_init+124) (BuildId: 52bc34193ef6f6311bbb44f2305d1b1d)
10-09 00:08:19.460 10928 10928 F libc    : Fatal signal 11 (SIGSEGV), code 1 (SEGV_MAPERR), fault addr 0x7921e7eeabe0 in tid 10928 (Shutdown thread), pid 10928 (Shutdown thread)
10-09 00:08:19.487 10945 10945 F DEBUG   : *** *** *** *** *** *** *** *** *** *** *** *** *** *** *** ***
10-09 00:08:19.487 10945 10945 F DEBUG   : Build fingerprint: 'HONOR/Bvlgari/Bvlgari:15/V417IR/1100:user/release-keys'
10-09 00:08:19.487 10945 10945 F DEBUG   : Revision: '0'
10-09 00:08:19.487 10945 10945 F DEBUG   : ABI: 'x86_64'
10-09 00:08:19.487 10945 10945 F DEBUG   : Timestamp: 2026-10-09 00:08:19.468914019+0800
10-09 00:08:19.487 10945 10945 F DEBUG   : Process uptime: 3s
10-09 00:08:19.487 10945 10945 F DEBUG   : Cmdline: uiautomator
10-09 00:08:19.487 10945 10945 F DEBUG   : pid: 10928, tid: 10928, name: Shutdown thread  >>> uiautomator <<<
10-09 00:08:19.487 10945 10945 F DEBUG   : uid: 2000
10-09 00:08:19.487 10945 10945 F DEBUG   : signal 11 (SIGSEGV), code 1 (SEGV_MAPERR), fault addr 0x00007921e7eeabe0
10-09 00:08:19.487 10945 10945 F DEBUG   :     rax 0000000000000000  rbx 00007924d77f689c  rcx 0000000000000001  rdx 0000000000000002
10-09 00:08:19.487 10945 10945 F DEBUG   :     r8  0000000000000020  r9  0000000000020002  r10 0000000000000001  r11 0000000000000206
10-09 00:08:19.487 10945 10945 F DEBUG   :     r12 0000000000001000  r13 00000000000005b7  r14 00007921e7eeabe0  r15 0000000000008928
10-09 00:08:19.487 10945 10945 F DEBUG   :     rdi 00007921e82b0ee8  rsi 0000000000001000
10-09 00:08:19.487 10945 10945 F DEBUG   :     rbp 00007fffe9d4dd10  rsp 00007fffe9d4dca8  rip 00007921e7eeabe0
10-09 00:08:19.487 10945 10945 F DEBUG   : 4 total frames
10-09 00:08:19.487 10945 10945 F DEBUG   : backtrace:
10-09 00:08:19.487 10945 10945 F DEBUG   :       #00 pc 00007921e7eeabe0  <unknown>
10-09 00:08:19.487 10945 10945 F DEBUG   :       #01 pc 000000000005846f  /apex/com.android.runtime/lib64/bionic/libc.so (__cxa_finalize+287) (BuildId: 52bc34193ef6f6311bbb44f2305d1b1d)
10-09 00:08:19.487 10945 10945 F DEBUG   :       #02 pc 000000000005c83f  /apex/com.android.runtime/lib64/bionic/libc.so (exit+31) (BuildId: 52bc34193ef6f6311bbb44f2305d1b1d)
10-09 00:08:19.487 10945 10945 F DEBUG   :       #03 pc 00000000000520dc  /apex/com.android.runtime/lib64/bionic/libc.so (__libc_init+124) (BuildId: 52bc34193ef6f6311bbb44f2305d1b1d)
10-09 00:08:23.197 10991 10991 F libc    : Fatal signal 11 (SIGSEGV), code 1 (SEGV_MAPERR), fault addr 0x7a25bc857be0 in tid 10991 (Shutdown thread), pid 10991 (Shutdown thread)
10-09 00:08:23.224 11037 11037 F DEBUG   : *** *** *** *** *** *** *** *** *** *** *** *** *** *** *** ***
10-09 00:08:23.224 11037 11037 F DEBUG   : Build fingerprint: 'HONOR/Bvlgari/Bvlgari:15/V417IR/1100:user/release-keys'
10-09 00:08:23.224 11037 11037 F DEBUG   : Revision: '0'
10-09 00:08:23.224 11037 11037 F DEBUG   : ABI: 'x86_64'
10-09 00:08:23.224 11037 11037 F DEBUG   : Timestamp: 2026-10-09 00:08:23.206362454+0800
10-09 00:08:23.224 11037 11037 F DEBUG   : Process uptime: 3s
10-09 00:08:23.224 11037 11037 F DEBUG   : Cmdline: uiautomator
10-09 00:08:23.224 11037 11037 F DEBUG   : pid: 10991, tid: 10991, name: Shutdown thread  >>> uiautomator <<<
10-09 00:08:23.224 11037 11037 F DEBUG   : uid: 2000
10-09 00:08:23.225 11037 11037 F DEBUG   : signal 11 (SIGSEGV), code 1 (SEGV_MAPERR), fault addr 0x00007a25bc857be0
10-09 00:08:23.225 11037 11037 F DEBUG   :     rax 0000000000000000  rbx 00007a291b53189c  rcx 0000000000000001  rdx 0000000000000002
10-09 00:08:23.225 11037 11037 F DEBUG   :     r8  0000000000000020  r9  0000000000020002  r10 0000000000000001  r11 0000000000000206
10-09 00:08:23.225 11037 11037 F DEBUG   :     r12 0000000000001000  r13 00000000000005b7  r14 00007a25bc857be0  r15 0000000000008928
10-09 00:08:23.225 11037 11037 F DEBUG   :     rdi 00007a25bcc1dee8  rsi 0000000000001000
10-09 00:08:23.225 11037 11037 F DEBUG   :     rbp 00007ffe3e3c75d0  rsp 00007ffe3e3c7568  rip 00007a25bc857be0
10-09 00:08:23.225 11037 11037 F DEBUG   : 4 total frames
10-09 00:08:23.225 11037 11037 F DEBUG   : backtrace:
10-09 00:08:23.225 11037 11037 F DEBUG   :       #00 pc 00007a25bc857be0  <unknown>
10-09 00:08:23.225 11037 11037 F DEBUG   :       #01 pc 000000000005846f  /apex/com.android.runtime/lib64/bionic/libc.so (__cxa_finalize+287) (BuildId: 52bc34193ef6f6311bbb44f2305d1b1d)
10-09 00:08:23.225 11037 11037 F DEBUG   :       #02 pc 000000000005c83f  /apex/com.android.runtime/lib64/bionic/libc.so (exit+31) (BuildId: 52bc34193ef6f6311bbb44f2305d1b1d)
10-09 00:08:23.225 11037 11037 F DEBUG   :       #03 pc 00000000000520dc  /apex/com.android.runtime/lib64/bionic/libc.so (__libc_init+124) (BuildId: 52bc34193ef6f6311bbb44f2305d1b1d)
10-09 00:08:28.912 11275 11275 F libc    : Fatal signal 11 (SIGSEGV), code 1 (SEGV_MAPERR), fault addr 0x75ef8f717be0 in tid 11275 (Shutdown thread), pid 11275 (Shutdown thread)
10-09 00:08:28.937 11301 11301 F DEBUG   : *** *** *** *** *** *** *** *** *** *** *** *** *** *** *** ***
10-09 00:08:28.937 11301 11301 F DEBUG   : Build fingerprint: 'HONOR/Bvlgari/Bvlgari:15/V417IR/1100:user/release-keys'
10-09 00:08:28.937 11301 11301 F DEBUG   : Revision: '0'
10-09 00:08:28.937 11301 11301 F DEBUG   : ABI: 'x86_64'
10-09 00:08:28.937 11301 11301 F DEBUG   : Timestamp: 2026-10-09 00:08:28.920004490+0800
10-09 00:08:28.937 11301 11301 F DEBUG   : Process uptime: 3s
10-09 00:08:28.937 11301 11301 F DEBUG   : Cmdline: uiautomator
10-09 00:08:28.937 11301 11301 F DEBUG   : pid: 11275, tid: 11275, name: Shutdown thread  >>> uiautomator <<<
10-09 00:08:28.937 11301 11301 F DEBUG   : uid: 2000
10-09 00:08:28.937 11301 11301 F DEBUG   : signal 11 (SIGSEGV), code 1 (SEGV_MAPERR), fault addr 0x000075ef8f717be0
10-09 00:08:28.937 11301 11301 F DEBUG   :     rax 0000000000000000  rbx 000075f25cf0689c  rcx 0000000000000001  rdx 0000000000000002
10-09 00:08:28.937 11301 11301 F DEBUG   :     r8  0000000000000020  r9  0000000000020002  r10 0000000000000001  r11 0000000000000206
10-09 00:08:28.937 11301 11301 F DEBUG   :     r12 0000000000001000  r13 00000000000005b7  r14 000075ef8f717be0  r15 0000000000008928
10-09 00:08:28.937 11301 11301 F DEBUG   :     rdi 000075ef8faddee8  rsi 0000000000001000
10-09 00:08:28.937 11301 11301 F DEBUG   :     rbp 00007ffd88786f10  rsp 00007ffd88786ea8  rip 000075ef8f717be0
10-09 00:08:28.937 11301 11301 F DEBUG   : 4 total frames
10-09 00:08:28.937 11301 11301 F DEBUG   : backtrace:
10-09 00:08:28.937 11301 11301 F DEBUG   :       #00 pc 000075ef8f717be0  <unknown>
10-09 00:08:28.937 11301 11301 F DEBUG   :       #01 pc 000000000005846f  /apex/com.android.runtime/lib64/bionic/libc.so (__cxa_finalize+287) (BuildId: 52bc34193ef6f6311bbb44f2305d1b1d)
10-09 00:08:28.937 11301 11301 F DEBUG   :       #02 pc 000000000005c83f  /apex/com.android.runtime/lib64/bionic/libc.so (exit+31) (BuildId: 52bc34193ef6f6311bbb44f2305d1b1d)
10-09 00:08:28.937 11301 11301 F DEBUG   :       #03 pc 00000000000520dc  /apex/com.android.runtime/lib64/bionic/libc.so (__libc_init+124) (BuildId: 52bc34193ef6f6311bbb44f2305d1b1d)
10-09 01:09:57.569 14339 14359 F libc    : Fatal signal 6 (SIGABRT), code -1 (SI_QUEUE) in tid 14359 (RenderThread), pid 14339 (acceptance.test)
10-09 01:09:57.843 14380 14380 F DEBUG   : *** *** *** *** *** *** *** *** *** *** *** *** *** *** *** ***
10-09 01:09:57.843 14380 14380 F DEBUG   : Build fingerprint: 'HONOR/Bvlgari/Bvlgari:15/V417IR/1100:user/release-keys'
10-09 01:09:57.843 14380 14380 F DEBUG   : Revision: '0'
10-09 01:09:57.843 14380 14380 F DEBUG   : ABI: 'x86_64'
10-09 01:09:57.843 14380 14380 F DEBUG   : Timestamp: 2026-10-09 01:09:57.604380075+0800
10-09 01:09:57.843 14380 14380 F DEBUG   : Process uptime: 1s
10-09 01:09:57.843 14380 14380 F DEBUG   : Cmdline: org.shufang.android.acceptance.test
10-09 01:09:57.843 14380 14380 F DEBUG   : pid: 14339, tid: 14359, name: RenderThread  >>> org.shufang.android.acceptance.test <<<
10-09 01:09:57.843 14380 14380 F DEBUG   : uid: 10004
10-09 01:09:57.843 14380 14380 F DEBUG   : signal 6 (SIGABRT), code -1 (SI_QUEUE), fault addr --------
10-09 01:09:57.843 14380 14380 F DEBUG   : Abort message: 'Failed to acquire physical displays for WCG support!'
10-09 01:09:57.843 14380 14380 F DEBUG   :     rax 0000000000000000  rbx 0000000000003803  rcx 00007703ef95d864  rdx 0000000000000006
10-09 01:09:57.843 14380 14380 F DEBUG   :     r8  000077013f8c9ea0  r9  000077013f8c9ea0  r10 000077013f8c9e60  r11 0000000000000203
10-09 01:09:57.843 14380 14380 F DEBUG   :     r12 0000000000000002  r13 000077013f8ca5f0  r14 0000000000003817  r15 000077013f8c9f30
10-09 01:09:57.843 14380 14380 F DEBUG   :     rdi 0000000000003803  rsi 0000000000003817
10-09 01:09:57.843 14380 14380 F DEBUG   :     rbp 000077013f8c9f00  rsp 000077013f8c9e60  rip 00007703ef95d864
10-09 01:09:57.843 14380 14380 F DEBUG   : 17 total frames
10-09 01:09:57.843 14380 14380 F DEBUG   : backtrace:
10-09 01:09:57.843 14380 14380 F DEBUG   :       #00 pc 0000000000057864  /apex/com.android.runtime/lib64/bionic/libc.so (abort+196) (BuildId: 52bc34193ef6f6311bbb44f2305d1b1d)
10-09 01:09:57.843 14380 14380 F DEBUG   :       #01 pc 0000000000970199  /apex/com.android.art/lib64/libart.so (art::Runtime::Abort(char const*)+1609) (BuildId: 7f5fe1677703f25adf853dccb65f9da7)
10-09 01:09:57.843 14380 14380 F DEBUG   :       #02 pc 0000000000013ece  /apex/com.android.art/lib64/libbase.so (android::base::SetAborter(std::__1::function<void (char const*)>&&)::$_0::__invoke(char const*)+62) (BuildId: cde788c716e8bd15b2bf3bc5a87ae200)
10-09 01:09:57.843 14380 14380 F DEBUG   :       #03 pc 0000000000009c3b  /system/lib64/liblog.so (__android_log_assert+315) (BuildId: dec2953a427418393e6cef4940b8b2c8)
10-09 01:09:57.843 14380 14380 F DEBUG   :       #04 pc 00000000002cf1ff  /system/lib64/libhwui.so (android::uirenderer::DeviceInfo::updateDisplayInfo()+127) (BuildId: 00c3e038ea2ed7b69bf4673e9537f7f9)
10-09 01:09:57.843 14380 14380 F DEBUG   :       #05 pc 00000000000872d4  /system/lib64/libc++.so (std::__1::__call_once(unsigned long volatile&, void*, void (*)(void*))+148) (BuildId: 4e86ef546be249b77b83cf151d0c99ab54a151e3)
10-09 01:09:57.843 14380 14380 F DEBUG   :       #06 pc 000000000030664e  /system/lib64/libhwui.so (android::uirenderer::renderthread::EglManager::createSurface(ANativeWindow*, android::uirenderer::ColorMode, sk_sp<SkColorSpace>)+286) (BuildId: 00c3e038ea2ed7b69bf4673e9537f7f9)
10-09 01:09:57.843 14380 14380 F DEBUG   :       #07 pc 0000000000303087  /system/lib64/libhwui.so (android::uirenderer::skiapipeline::SkiaOpenGLPipeline::setSurface(ANativeWindow*, android::uirenderer::renderthread::SwapBehavior)+183) (BuildId: 00c3e038ea2ed7b69bf4673e9537f7f9)
10-09 01:09:57.843 14380 14380 F DEBUG   :       #08 pc 00000000002add16  /system/lib64/libhwui.so (android::uirenderer::renderthread::CanvasContext::setupPipelineSurface()+70) (BuildId: 00c3e038ea2ed7b69bf4673e9537f7f9)
10-09 01:09:57.843 14380 14380 F DEBUG   :       #09 pc 00000000002ad9a1  /system/lib64/libhwui.so (android::uirenderer::renderthread::CanvasContext::setSurface(ANativeWindow*, bool)+193) (BuildId: 00c3e038ea2ed7b69bf4673e9537f7f9)
10-09 01:09:57.843 14380 14380 F DEBUG   :       #10 pc 00000000002b9e9d  /system/lib64/libhwui.so (std::__1::__function::__func<android::uirenderer::renderthread::RenderProxy::setSurface(ANativeWindow*, bool)::$_0, std::__1::allocator<android::uirenderer::renderthread::RenderProxy::setSurface(ANativeWindow*, bool)::$_0>, void ()>::operator()() (.__uniq.110435125376433984577876079601927332169.8cb1fffc8487caf1ae84df02574f813e)+29) (BuildId: 00c3e038ea2ed7b69bf4673e9537f7f9)
10-09 01:09:57.843 14380 14380 F DEBUG   :       #11 pc 00000000002be45e  /system/lib64/libhwui.so (android::uirenderer::WorkQueue::process()+654) (BuildId: 00c3e038ea2ed7b69bf4673e9537f7f9)
10-09 01:09:57.843 14380 14380 F DEBUG   :       #12 pc 000000000030e28b  /system/lib64/libhwui.so (android::uirenderer::renderthread::RenderThread::threadLoop()+475) (BuildId: 00c3e038ea2ed7b69bf4673e9537f7f9)
10-09 01:09:57.843 14380 14380 F DEBUG   :       #13 pc 00000000000142ff  /system/lib64/libutils.so (android::Thread::_threadLoop(void*)+159) (BuildId: 58a35a0b61eb69f752a1b3d414792c61)
10-09 01:09:57.843 14380 14380 F DEBUG   :       #14 pc 00000000000176af  /system/lib64/libutils.so (libutil_thread_trampoline(void*) (.__uniq.226528677032898775202282855395389835431)+15) (BuildId: 58a35a0b61eb69f752a1b3d414792c61)
10-09 01:09:57.843 14380 14380 F DEBUG   :       #15 pc 000000000006788f  /apex/com.android.runtime/lib64/bionic/libc.so (__pthread_start(void*)+63) (BuildId: 52bc34193ef6f6311bbb44f2305d1b1d)
10-09 01:09:57.843 14380 14380 F DEBUG   :       #16 pc 000000000005a80d  /apex/com.android.runtime/lib64/bionic/libc.so (__start_thread+61) (BuildId: 52bc34193ef6f6311bbb44f2305d1b1d)
10-09 01:18:01.613   904   926 E AndroidRuntime: *** FATAL EXCEPTION IN SYSTEM PROCESS: android.ui
10-09 01:18:01.613   904   926 E AndroidRuntime: java.lang.IllegalStateException: register failed, the sensor listeners size has exceeded the maximum limit 128
10-09 01:18:01.613   904   926 E AndroidRuntime: 	at android.hardware.SystemSensorManager.registerListenerImpl(SystemSensorManager.java:265)
10-09 01:18:01.613   904   926 E AndroidRuntime: 	at android.hardware.SensorManager.registerListener(SensorManager.java:889)
10-09 01:18:01.613   904   926 E AndroidRuntime: 	at com.android.server.wm.WindowOrientationListener.enable(WindowOrientationListener.java:193)
10-09 01:18:01.613   904   926 E AndroidRuntime: 	at com.android.server.wm.WindowOrientationListener.enable(WindowOrientationListener.java:168)
10-09 01:18:01.613   904   926 E AndroidRuntime: 	at com.android.server.wm.DisplayRotation$OrientationListener.run(DisplayRotation.java:2191)
10-09 01:18:01.613   904   926 E AndroidRuntime: 	at android.os.Handler.handleCallback(Handler.java:991)
10-09 01:18:01.613   904   926 E AndroidRuntime: 	at android.os.Handler.dispatchMessage(Handler.java:102)
10-09 01:18:01.613   904   926 E AndroidRuntime: 	at android.os.Looper.loopOnce(Looper.java:232)
10-09 01:18:01.613   904   926 E AndroidRuntime: 	at android.os.Looper.loop(Looper.java:317)
10-09 01:18:01.613   904   926 E AndroidRuntime: 	at android.os.HandlerThread.run(HandlerThread.java:85)
10-09 01:18:01.613   904   926 E AndroidRuntime: 	at com.android.server.ServiceThread.run(ServiceThread.java:49)
10-09 01:18:01.613   904   926 E AndroidRuntime: 	at com.android.server.UiThread.run(UiThread.java:45)
10-09 01:18:02.066  3344  3433 E AndroidRuntime: FATAL EXCEPTION: GoogleApiHandler
10-09 01:18:02.066  3344  3433 E AndroidRuntime: Process: com.google.android.gms.persistent, PID: 3344
10-09 01:18:02.066  3344  3433 E AndroidRuntime: DeadSystemException: The system died; earlier logs will point to the root cause
10-09 01:18:02.515  1181  1336 E AndroidRuntime: FATAL EXCEPTION: wmshell.main
10-09 01:18:02.515  1181  1336 E AndroidRuntime: Process: com.android.systemui, PID: 1181
10-09 01:18:02.515  1181  1336 E AndroidRuntime: DeadSystemException: The system died; earlier logs will point to the root cause
10-09 01:18:03.353 17917 17917 F libc    : Fatal signal 11 (SIGSEGV), code 1 (SEGV_MAPERR), fault addr 0x7890db8c5be0 in tid 17917 (Shutdown thread), pid 17917 (Shutdown thread)
10-09 01:18:09.624 18179 18179 F DEBUG   : *** *** *** *** *** *** *** *** *** *** *** *** *** *** *** ***
10-09 01:18:09.624 18179 18179 F DEBUG   : Build fingerprint: 'HONOR/Bvlgari/Bvlgari:15/V417IR/1100:user/release-keys'
10-09 01:18:09.624 18179 18179 F DEBUG   : Revision: '0'
10-09 01:18:09.624 18179 18179 F DEBUG   : ABI: 'x86_64'
10-09 01:18:09.624 18179 18179 F DEBUG   : Timestamp: 2026-10-09 01:18:03.379597887+0800
10-09 01:18:09.624 18179 18179 F DEBUG   : Process uptime: 5s
10-09 01:18:09.624 18179 18179 F DEBUG   : Cmdline: app_process /system/bin com.android.commands.am.Am instrument -w -e windowWidthDp 320 -e class org.shufang.android.MindMoveTouchTest org.shufang.android.acceptance.test/androidx.test.runner.AndroidJUnitRunner
10-09 01:18:09.624 18179 18179 F DEBUG   : pid: 17917, tid: 17917, name: Shutdown thread  >>> app_process <<<
10-09 01:18:09.624 18179 18179 F DEBUG   : uid: 2000
10-09 01:18:09.624 18179 18179 F DEBUG   : signal 11 (SIGSEGV), code 1 (SEGV_MAPERR), fault addr 0x00007890db8c5be0
10-09 01:18:09.624 18179 18179 F DEBUG   :     rax 0000000000000000  rbx 00007893d931489c  rcx 0000000000000001  rdx 0000000000000002
10-09 01:18:09.624 18179 18179 F DEBUG   :     r8  0000000000000338  r9  0000000000338010  r10 0000000000000000  r11 0000000000000206
10-09 01:18:09.624 18179 18179 F DEBUG   :     r12 0000000000001000  r13 00000000000005b7  r14 00007890db8c5be0  r15 0000000000008928
10-09 01:18:09.624 18179 18179 F DEBUG   :     rdi 00007890dbc8bee8  rsi 0000000000001000
10-09 01:18:09.624 18179 18179 F DEBUG   :     rbp 00007fffa5315530  rsp 00007fffa53154c8  rip 00007890db8c5be0
10-09 01:18:09.624 18179 18179 F DEBUG   : 4 total frames
10-09 01:18:09.624 18179 18179 F DEBUG   : backtrace:
10-09 01:18:09.624 18179 18179 F DEBUG   :       #00 pc 00007890db8c5be0  <unknown>
10-09 01:18:09.624 18179 18179 F DEBUG   :       #01 pc 000000000005846f  /apex/com.android.runtime/lib64/bionic/libc.so (__cxa_finalize+287) (BuildId: 52bc34193ef6f6311bbb44f2305d1b1d)
10-09 01:18:09.624 18179 18179 F DEBUG   :       #02 pc 000000000005c83f  /apex/com.android.runtime/lib64/bionic/libc.so (exit+31) (BuildId: 52bc34193ef6f6311bbb44f2305d1b1d)
10-09 01:18:09.624 18179 18179 F DEBUG   :       #03 pc 00000000000520dc  /apex/com.android.runtime/lib64/bionic/libc.so (__libc_init+124) (BuildId: 52bc34193ef6f6311bbb44f2305d1b1d)
