Bundled existing Web format parsers and Android reader assets.
    Blocking waiting for file lock on artifact directory
   Compiling shufang-sqlite v0.1.0 (C:\Users\17715\Documents\codes\书籍管理\base\crates\sqlite)
   Compiling shufang-native v0.1.0 (C:\Users\17715\Documents\codes\书籍管理\base\crates\native)
   Compiling shufang-service v0.1.0 (C:\Users\17715\Documents\codes\书籍管理\base\crates\service)
    Finished `dev` profile [unoptimized + debuginfo] target(s) in 3m 29s
To honour the JVM settings for this build a single-use Daemon process will be forked. For more on this, please refer to https://docs.gradle.org/9.6.0/userguide/gradle_daemon.html#sec:disabling_the_daemon in the Gradle documentation.
Daemon will be stopped at the end of the build 

> Configure project :app
WARNING: The option setting 'android.overridePathCheck=true' is experimental.
The current default is 'false'.
Add android.sync.suppressAgpWarnings=UNSUPPORTED_PROJECT_OPTION_USE to the gradle.properties file to suppress this warning.

> Task :app:preBuild UP-TO-DATE
> Task :app:preDebugBuild UP-TO-DATE
> Task :app:mergeDebugNativeDebugMetadata NO-SOURCE
> Task :app:generateDebugBuildConfig UP-TO-DATE
> Task :app:generateDebugResources UP-TO-DATE
> Task :app:packageDebugResources UP-TO-DATE
> Task :app:processDebugNavigationResources UP-TO-DATE
> Task :app:parseDebugLocalResources UP-TO-DATE
> Task :app:generateDebugRFile UP-TO-DATE
> Task :app:javaPreCompileDebug UP-TO-DATE
> Task :app:generateDebugAssets UP-TO-DATE
> Task :app:mergeDebugAssets UP-TO-DATE
> Task :app:compressDebugAssets UP-TO-DATE
> Task :app:generateDebugGlobalSynthetics UP-TO-DATE
> Task :app:checkDebugDuplicateClasses UP-TO-DATE
> Task :app:desugarDebugFileDependencies UP-TO-DATE
> Task :app:mergeExtDexDebug UP-TO-DATE
> Task :app:mergeLibDexDebug UP-TO-DATE
> Task :app:checkDebugAarMetadata UP-TO-DATE
> Task :app:mapDebugSourceSetPaths UP-TO-DATE
> Task :app:compileDebugNavigationResources UP-TO-DATE
> Task :app:mergeDebugResources UP-TO-DATE
> Task :app:createDebugCompatibleScreenManifests UP-TO-DATE
> Task :app:extractDeepLinksDebug UP-TO-DATE
> Task :app:processDebugMainManifest UP-TO-DATE
> Task :app:processDebugManifest UP-TO-DATE
> Task :app:processDebugManifestForPackage UP-TO-DATE
> Task :app:processDebugResources UP-TO-DATE
> Task :app:mergeDebugJniLibFolders UP-TO-DATE
> Task :app:mergeDebugNativeLibs UP-TO-DATE
> Task :app:stripDebugDebugSymbols UP-TO-DATE
> Task :app:validateSigningDebug UP-TO-DATE
> Task :app:writeDebugAppMetadata UP-TO-DATE
> Task :app:writeDebugSigningConfigVersions UP-TO-DATE
> Task :app:preDebugAndroidTestBuild SKIPPED
> Task :app:mergeDebugAndroidTestManifest UP-TO-DATE
> Task :app:processDebugAndroidTestManifest UP-TO-DATE
> Task :app:generateDebugAndroidTestBuildConfig UP-TO-DATE
> Task :app:generateDebugAndroidTestResources UP-TO-DATE
> Task :app:packageDebugAndroidTestResources UP-TO-DATE
> Task :app:processDebugAndroidTestNavigationResources UP-TO-DATE
> Task :app:parseDebugAndroidTestLocalResources UP-TO-DATE
> Task :app:generateDebugAndroidTestRFile UP-TO-DATE
> Task :app:javaPreCompileDebugAndroidTest UP-TO-DATE
> Task :app:generateDebugAndroidTestAssets UP-TO-DATE
> Task :app:mergeDebugAndroidTestAssets UP-TO-DATE
> Task :app:compressDebugAndroidTestAssets UP-TO-DATE
> Task :app:generateDebugAndroidTestGlobalSynthetics UP-TO-DATE
> Task :app:checkDebugAndroidTestDuplicateClasses UP-TO-DATE
> Task :app:desugarDebugAndroidTestFileDependencies UP-TO-DATE
> Task :app:mergeExtDexDebugAndroidTest UP-TO-DATE
> Task :app:mergeLibDexDebugAndroidTest UP-TO-DATE
> Task :app:checkDebugAndroidTestAarMetadata UP-TO-DATE
> Task :app:mapDebugAndroidTestSourceSetPaths UP-TO-DATE
> Task :app:compileDebugAndroidTestNavigationResources UP-TO-DATE
> Task :app:mergeDebugAndroidTestResources UP-TO-DATE
> Task :app:processDebugAndroidTestResources UP-TO-DATE
> Task :app:mergeDebugAndroidTestJniLibFolders UP-TO-DATE
> Task :app:mergeDebugAndroidTestNativeLibs NO-SOURCE
> Task :app:stripDebugAndroidTestDebugSymbols NO-SOURCE
> Task :app:validateSigningDebugAndroidTest UP-TO-DATE
> Task :app:writeDebugAndroidTestSigningConfigVersions UP-TO-DATE

> Task :app:compileDebugKotlin
w: file:///C:/Users/17715/Documents/codes/书籍管理/platforms/android/app/src/main/java/org/shufang/android/LibraryViewModel.kt:536:67 'when' expression over a subject of type 'Any?' is not exhaustive. Add a 'null' or 'else' branch.
w: file:///C:/Users/17715/Documents/codes/书籍管理/platforms/android/app/src/main/java/org/shufang/android/SyncConflictPanel.kt:34:129 Only safe (?.) or non-null asserted (!!.) calls are allowed on a nullable receiver of type 'Any?'.

> Task :app:compileDebugJavaWithJavac UP-TO-DATE
> Task :app:processDebugJavaRes UP-TO-DATE
> Task :app:mergeDebugJavaResource UP-TO-DATE
> Task :app:dexBuilderDebug
> Task :app:bundleDebugClassesToCompileJar
> Task :app:mergeProjectDexDebug
> Task :app:packageDebug
> Task :app:createDebugApkListingFileRedirect UP-TO-DATE
> Task :app:assembleDebug

> Task :app:compileDebugAndroidTestKotlin
w: file:///C:/Users/17715/Documents/codes/书籍管理/platforms/android/app/src/androidTest/java/org/shufang/android/AndroidSyncTest.kt:20:69 'fun createEmptyComposeRule(effectContext: CoroutineContext = ...): ComposeTestRule' is deprecated. Use `androidx.compose.ui.test.junit4.v2.createEmptyComposeRule` instead. The v2 APIs use StandardTestDispatcher instead of UnconfinedTestDispatcher, which aligns with standard coroutine behavior by queuing tasks rather than executing them immediately. Tests relying on immediate execution may require explicit synchronization. Please refer to the migration guide for more details.

> Task :app:compileDebugAndroidTestJavaWithJavac UP-TO-DATE
> Task :app:processDebugAndroidTestJavaRes UP-TO-DATE
> Task :app:mergeDebugAndroidTestJavaResource UP-TO-DATE
> Task :app:dexBuilderDebugAndroidTest
> Task :app:mergeProjectDexDebugAndroidTest
> Task :app:packageDebugAndroidTest
> Task :app:createDebugAndroidTestApkListingFileRedirect UP-TO-DATE
> Task :app:assembleDebugAndroidTest

[Incubating] Problems report is available at: file:///C:/Users/17715/AppData/Local/Shufang/android-build/ShufangAndroid/reports/problems/problems-report.html

BUILD SUCCESSFUL in 24s
71 actionable tasks: 9 executed, 62 up-to-date
Consider enabling configuration cache to speed up this build: https://docs.gradle.org/9.6.0/userguide/configuration_cache_enabling.html
Performing Streamed Install
Success
Performing Streamed Install
Success

org.shufang.android.AndroidMergeTest:.
org.shufang.android.AndroidSyncTest:.
Error in twoOfflineClientsExposePersistentConflictAndTouchChoiceSynchronizes(org.shufang.android.AndroidSyncTest):
java.lang.AssertionError: Assert failed: The component with Text + InputText + EditableText contains 'other offline version' (ignoreCase: false) is not displayed!
	at androidx.compose.ui.test.AssertionsKt.assertIsDisplayed(Assertions.kt:34)
	at org.shufang.android.AndroidSyncTest$twoOfflineClientsExposePersistentConflictAndTouchChoiceSynchronizes$1.invokeSuspend(AndroidSyncTest.kt:42)
	at kotlin.coroutines.jvm.internal.BaseContinuationImpl.resumeWith(ContinuationImpl.kt:34)
	at kotlinx.coroutines.DispatchedTask.run(DispatchedTask.kt:100)
	at kotlinx.coroutines.EventLoopImplBase.processNextEvent(EventLoop.common.kt:263)
	at kotlinx.coroutines.BlockingCoroutine.joinBlocking(Builders.kt:94)
	at kotlinx.coroutines.BuildersKt__BuildersKt.runBlocking(Builders.kt:70)
	at kotlinx.coroutines.BuildersKt.runBlocking(Unknown Source:1)
	at kotlinx.coroutines.BuildersKt__BuildersKt.runBlocking$default(Builders.kt:48)
	at kotlinx.coroutines.BuildersKt.runBlocking$default(Unknown Source:1)
	at org.shufang.android.AndroidSyncTest.twoOfflineClientsExposePersistentConflictAndTouchChoiceSynchronizes(AndroidSyncTest.kt:21)

org.shufang.android.CrossInkNetworkTest:
org.shufang.android.CrossInkNetworkTest:
org.shufang.android.DocumentParserTest:.....
org.shufang.android.FeatureFlowTest:
Error in nativeLibraryCitationMindMapStudySetAndReviewRoundTrip(org.shufang.android.FeatureFlowTest):
java.lang.AssertionError: Failed to perform text input.
Reason: Expected exactly '1' node but could not find any node that satisfies: ((Text + InputText + EditableText contains '搜索当前列表' (ignoreCase: false)) && (SetText is defined))

	at androidx.compose.ui.test.SemanticsNodeInteraction.fetchOneOrThrow(SemanticsNodeInteraction.kt:178)
	at androidx.compose.ui.test.SemanticsNodeInteraction.fetchOneOrThrow$default(SemanticsNodeInteraction.kt:150)
	at androidx.compose.ui.test.SemanticsNodeInteraction.fetchSemanticsNode(SemanticsNodeInteraction.kt:84)
	at androidx.compose.ui.test.TextActionsKt.getNodeAndFocus(TextActions.kt:124)
	at androidx.compose.ui.test.TextActionsKt.getNodeAndFocus$default(TextActions.kt:119)
	at androidx.compose.ui.test.TextActionsKt.performTextReplacement(TextActions.kt:82)
	at org.shufang.android.FeatureFlowTest$nativeLibraryCitationMindMapStudySetAndReviewRoundTrip$1.invokeSuspend$filter(FeatureFlowTest.kt:41)
	at org.shufang.android.FeatureFlowTest$nativeLibraryCitationMindMapStudySetAndReviewRoundTrip$1.invokeSuspend(FeatureFlowTest.kt:43)
	at kotlin.coroutines.jvm.internal.BaseContinuationImpl.resumeWith(ContinuationImpl.kt:34)
	at kotlinx.coroutines.DispatchedTask.run(DispatchedTask.kt:100)
	at kotlinx.coroutines.EventLoopImplBase.processNextEvent(EventLoop.common.kt:263)
	at kotlinx.coroutines.BlockingCoroutine.joinBlocking(Builders.kt:94)
	at kotlinx.coroutines.BuildersKt__BuildersKt.runBlocking(Builders.kt:70)
	at kotlinx.coroutines.BuildersKt.runBlocking(Unknown Source:1)
	at kotlinx.coroutines.BuildersKt__BuildersKt.runBlocking$default(Builders.kt:48)
	at kotlinx.coroutines.BuildersKt.runBlocking$default(Unknown Source:1)
	at org.shufang.android.FeatureFlowTest.nativeLibraryCitationMindMapStudySetAndReviewRoundTrip(FeatureFlowTest.kt:18)

org.shufang.android.ImportBoundaryTest:.
org.shufang.android.ImportTouchTest:.
org.shufang.android.IosParityRuntimeTest:
org.shufang.android.IosParityRuntimeTest:..
org.shufang.android.LibraryOperationsTest:.
org.shufang.android.LibraryUiTest:.
org.shufang.android.MergeAttachmentDeviceTest:.
org.shufang.android.MindMoveTouchTest:.
org.shufang.android.NativeContractTest:....
org.shufang.android.PdfComparisonTouchTest:.
org.shufang.android.ReaderBridgeTest:
Error in originalPdfBodyCanBeSearchedOfflineWithoutNativePdfium(org.shufang.android.ReaderBridgeTest):
java.lang.AssertionError: SadtedireFF
	at org.junit.Assert.fail(Assert.java:89)
	at org.junit.Assert.assertTrue(Assert.java:42)
	at org.shufang.android.ReaderBridgeTest.originalPdfBodyCanBeSearchedOfflineWithoutNativePdfium(ReaderBridgeTest.kt:48)
.
org.shufang.android.ReadingDesignTest:.
org.shufang.android.RealServerTest:
org.shufang.android.RealServerTest:
org.shufang.android.SaveConflictTouchTest:.
org.shufang.android.StudyBackupDeviceTest:.
org.shufang.android.StudyBackupTouchTest:.

Time: 80.649
There were 3 failures:
1) twoOfflineClientsExposePersistentConflictAndTouchChoiceSynchronizes(org.shufang.android.AndroidSyncTest)
java.lang.AssertionError: Assert failed: The component with Text + InputText + EditableText contains 'other offline version' (ignoreCase: false) is not displayed!
	at androidx.compose.ui.test.AssertionsKt.assertIsDisplayed(Assertions.kt:34)
	at org.shufang.android.AndroidSyncTest$twoOfflineClientsExposePersistentConflictAndTouchChoiceSynchronizes$1.invokeSuspend(AndroidSyncTest.kt:42)
	at kotlin.coroutines.jvm.internal.BaseContinuationImpl.resumeWith(ContinuationImpl.kt:34)
	at kotlinx.coroutines.DispatchedTask.run(DispatchedTask.kt:100)
	at kotlinx.coroutines.EventLoopImplBase.processNextEvent(EventLoop.common.kt:263)
	at kotlinx.coroutines.BlockingCoroutine.joinBlocking(Builders.kt:94)
	at kotlinx.coroutines.BuildersKt__BuildersKt.runBlocking(Builders.kt:70)
	at kotlinx.coroutines.BuildersKt.runBlocking(Unknown Source:1)
	at kotlinx.coroutines.BuildersKt__BuildersKt.runBlocking$default(Builders.kt:48)
	at kotlinx.coroutines.BuildersKt.runBlocking$default(Unknown Source:1)
	at org.shufang.android.AndroidSyncTest.twoOfflineClientsExposePersistentConflictAndTouchChoiceSynchronizes(AndroidSyncTest.kt:21)
2) nativeLibraryCitationMindMapStudySetAndReviewRoundTrip(org.shufang.android.FeatureFlowTest)
java.lang.AssertionError: Failed to perform text input.
Reason: Expected exactly '1' node but could not find any node that satisfies: ((Text + InputText + EditableText contains '搜索当前列表' (ignoreCase: false)) && (SetText is defined))

	at androidx.compose.ui.test.SemanticsNodeInteraction.fetchOneOrThrow(SemanticsNodeInteraction.kt:178)
	at androidx.compose.ui.test.SemanticsNodeInteraction.fetchOneOrThrow$default(SemanticsNodeInteraction.kt:150)
	at androidx.compose.ui.test.SemanticsNodeInteraction.fetchSemanticsNode(SemanticsNodeInteraction.kt:84)
	at androidx.compose.ui.test.TextActionsKt.getNodeAndFocus(TextActions.kt:124)
	at androidx.compose.ui.test.TextActionsKt.getNodeAndFocus$default(TextActions.kt:119)
	at androidx.compose.ui.test.TextActionsKt.performTextReplacement(TextActions.kt:82)
	at org.shufang.android.FeatureFlowTest$nativeLibraryCitationMindMapStudySetAndReviewRoundTrip$1.invokeSuspend$filter(FeatureFlowTest.kt:41)
	at org.shufang.android.FeatureFlowTest$nativeLibraryCitationMindMapStudySetAndReviewRoundTrip$1.invokeSuspend(FeatureFlowTest.kt:43)
	at kotlin.coroutines.jvm.internal.BaseContinuationImpl.resumeWith(ContinuationImpl.kt:34)
	at kotlinx.coroutines.DispatchedTask.run(DispatchedTask.kt:100)
	at kotlinx.coroutines.EventLoopImplBase.processNextEvent(EventLoop.common.kt:263)
	at kotlinx.coroutines.BlockingCoroutine.joinBlocking(Builders.kt:94)
	at kotlinx.coroutines.BuildersKt__BuildersKt.runBlocking(Builders.kt:70)
	at kotlinx.coroutines.BuildersKt.runBlocking(Unknown Source:1)
	at kotlinx.coroutines.BuildersKt__BuildersKt.runBlocking$default(Builders.kt:48)
	at kotlinx.coroutines.BuildersKt.runBlocking$default(Unknown Source:1)
	at org.shufang.android.FeatureFlowTest.nativeLibraryCitationMindMapStudySetAndReviewRoundTrip(FeatureFlowTest.kt:18)
3) originalPdfBodyCanBeSearchedOfflineWithoutNativePdfium(org.shufang.android.ReaderBridgeTest)
java.lang.AssertionError: SadtedireFF
	at org.junit.Assert.fail(Assert.java:89)
	at org.junit.Assert.assertTrue(Assert.java:42)
	at org.shufang.android.ReaderBridgeTest.originalPdfBodyCanBeSearchedOfflineWithoutNativePdfium(ReaderBridgeTest.kt:48)

FAILURES!!!
Tests run: 37,  Failures: 3



