--------- beginning of crash
10-07 17:02:29.101 20258 20258 F DEBUG   : *** *** *** *** *** *** *** *** *** *** *** *** *** *** *** ***
10-07 17:02:29.101 20258 20258 F DEBUG   : Build fingerprint: 'HONOR/Bvlgari/Bvlgari:15/V417IR/1085:user/release-keys'
10-07 17:02:29.101 20258 20258 F DEBUG   : Revision: '0'
10-07 17:02:29.101 20258 20258 F DEBUG   : ABI: 'x86_64'
10-07 17:02:29.101 20258 20258 F DEBUG   : Timestamp: 2026-10-07 17:02:29.082591131+0800
10-07 17:02:29.101 20258 20258 F DEBUG   : Process uptime: 3s
10-07 17:02:29.101 20258 20258 F DEBUG   : Cmdline: uiautomator
10-07 17:02:29.101 20258 20258 F DEBUG   : pid: 20239, tid: 20239, name: Shutdown thread  >>> uiautomator <<<
10-07 17:02:29.101 20258 20258 F DEBUG   : uid: 2000
10-07 17:02:29.101 20258 20258 F DEBUG   : signal 11 (SIGSEGV), code 1 (SEGV_MAPERR), fault addr 0x00007a6f38ac4be0
10-07 17:02:29.101 20258 20258 F DEBUG   :     rax 0000000000000000  rbx 00007a7298f1689c  rcx 0000000000000001  rdx 0000000000000002
10-07 17:02:29.101 20258 20258 F DEBUG   :     r8  0000000000000020  r9  0000000000020002  r10 0000000000000001  r11 0000000000000206
10-07 17:02:29.101 20258 20258 F DEBUG   :     r12 0000000000001000  r13 00000000000005b7  r14 00007a6f38ac4be0  r15 0000000000008928
10-07 17:02:29.101 20258 20258 F DEBUG   :     rdi 00007a6f38e8aee8  rsi 0000000000001000
10-07 17:02:29.101 20258 20258 F DEBUG   :     rbp 00007ffde7c9b4e0  rsp 00007ffde7c9b478  rip 00007a6f38ac4be0
10-07 17:02:29.101 20258 20258 F DEBUG   : 4 total frames
10-07 17:02:29.101 20258 20258 F DEBUG   : backtrace:
10-07 17:02:29.101 20258 20258 F DEBUG   :       #00 pc 00007a6f38ac4be0  <unknown>
10-07 17:02:29.101 20258 20258 F DEBUG   :       #01 pc 000000000005846f  /apex/com.android.runtime/lib64/bionic/libc.so (__cxa_finalize+287) (BuildId: 52bc34193ef6f6311bbb44f2305d1b1d)
10-07 17:02:29.101 20258 20258 F DEBUG   :       #02 pc 000000000005c83f  /apex/com.android.runtime/lib64/bionic/libc.so (exit+31) (BuildId: 52bc34193ef6f6311bbb44f2305d1b1d)
10-07 17:02:29.101 20258 20258 F DEBUG   :       #03 pc 00000000000520dc  /apex/com.android.runtime/lib64/bionic/libc.so (__libc_init+124) (BuildId: 52bc34193ef6f6311bbb44f2305d1b1d)
10-07 17:02:32.532 20290 20290 F libc    : Fatal signal 11 (SIGSEGV), code 1 (SEGV_MAPERR), fault addr 0x7d8956ee3be0 in tid 20290 (Shutdown thread), pid 20290 (Shutdown thread)
10-07 17:02:32.559 20316 20316 F DEBUG   : *** *** *** *** *** *** *** *** *** *** *** *** *** *** *** ***
10-07 17:02:32.559 20316 20316 F DEBUG   : Build fingerprint: 'HONOR/Bvlgari/Bvlgari:15/V417IR/1085:user/release-keys'
10-07 17:02:32.559 20316 20316 F DEBUG   : Revision: '0'
10-07 17:02:32.559 20316 20316 F DEBUG   : ABI: 'x86_64'
10-07 17:02:32.559 20316 20316 F DEBUG   : Timestamp: 2026-10-07 17:02:32.540448730+0800
10-07 17:02:32.559 20316 20316 F DEBUG   : Process uptime: 3s
10-07 17:02:32.559 20316 20316 F DEBUG   : Cmdline: uiautomator
10-07 17:02:32.559 20316 20316 F DEBUG   : pid: 20290, tid: 20290, name: Shutdown thread  >>> uiautomator <<<
10-07 17:02:32.559 20316 20316 F DEBUG   : uid: 2000
10-07 17:02:32.559 20316 20316 F DEBUG   : signal 11 (SIGSEGV), code 1 (SEGV_MAPERR), fault addr 0x00007d8956ee3be0
10-07 17:02:32.559 20316 20316 F DEBUG   :     rax 0000000000000000  rbx 00007d8c35bf289c  rcx 0000000000000001  rdx 0000000000000002
10-07 17:02:32.559 20316 20316 F DEBUG   :     r8  0000000000000020  r9  0000000000020002  r10 0000000000000001  r11 0000000000000206
10-07 17:02:32.559 20316 20316 F DEBUG   :     r12 0000000000001000  r13 00000000000005b7  r14 00007d8956ee3be0  r15 0000000000008928
10-07 17:02:32.559 20316 20316 F DEBUG   :     rdi 00007d89572a9ee8  rsi 0000000000001000
10-07 17:02:32.559 20316 20316 F DEBUG   :     rbp 00007ffc10314da0  rsp 00007ffc10314d38  rip 00007d8956ee3be0
10-07 17:02:32.559 20316 20316 F DEBUG   : 4 total frames
10-07 17:02:32.559 20316 20316 F DEBUG   : backtrace:
10-07 17:02:32.559 20316 20316 F DEBUG   :       #00 pc 00007d8956ee3be0  <unknown>
10-07 17:02:32.559 20316 20316 F DEBUG   :       #01 pc 000000000005846f  /apex/com.android.runtime/lib64/bionic/libc.so (__cxa_finalize+287) (BuildId: 52bc34193ef6f6311bbb44f2305d1b1d)
10-07 17:02:32.559 20316 20316 F DEBUG   :       #02 pc 000000000005c83f  /apex/com.android.runtime/lib64/bionic/libc.so (exit+31) (BuildId: 52bc34193ef6f6311bbb44f2305d1b1d)
10-07 17:02:32.559 20316 20316 F DEBUG   :       #03 pc 00000000000520dc  /apex/com.android.runtime/lib64/bionic/libc.so (__libc_init+124) (BuildId: 52bc34193ef6f6311bbb44f2305d1b1d)
10-07 17:02:37.300 20487 20487 F libc    : Fatal signal 11 (SIGSEGV), code 1 (SEGV_MAPERR), fault addr 0x7568fb4b4be0 in tid 20487 (Shutdown thread), pid 20487 (Shutdown thread)
10-07 17:02:37.328 20512 20512 F DEBUG   : *** *** *** *** *** *** *** *** *** *** *** *** *** *** *** ***
10-07 17:02:37.328 20512 20512 F DEBUG   : Build fingerprint: 'HONOR/Bvlgari/Bvlgari:15/V417IR/1085:user/release-keys'
10-07 17:02:37.328 20512 20512 F DEBUG   : Revision: '0'
10-07 17:02:37.328 20512 20512 F DEBUG   : ABI: 'x86_64'
10-07 17:02:37.328 20512 20512 F DEBUG   : Timestamp: 2026-10-07 17:02:37.309540340+0800
10-07 17:02:37.328 20512 20512 F DEBUG   : Process uptime: 3s
10-07 17:02:37.328 20512 20512 F DEBUG   : Cmdline: uiautomator
10-07 17:02:37.328 20512 20512 F DEBUG   : pid: 20487, tid: 20487, name: Shutdown thread  >>> uiautomator <<<
10-07 17:02:37.328 20512 20512 F DEBUG   : uid: 2000
10-07 17:02:37.328 20512 20512 F DEBUG   : signal 11 (SIGSEGV), code 1 (SEGV_MAPERR), fault addr 0x00007568fb4b4be0
10-07 17:02:37.328 20512 20512 F DEBUG   :     rax 0000000000000000  rbx 0000756c6fb3389c  rcx 0000000000000001  rdx 0000000000000002
10-07 17:02:37.328 20512 20512 F DEBUG   :     r8  0000000000000020  r9  0000000000020002  r10 0000000000000001  r11 0000000000000206
10-07 17:02:37.328 20512 20512 F DEBUG   :     r12 0000000000001000  r13 00000000000005b7  r14 00007568fb4b4be0  r15 0000000000008928
10-07 17:02:37.328 20512 20512 F DEBUG   :     rdi 00007568fb87aee8  rsi 0000000000001000
10-07 17:02:37.328 20512 20512 F DEBUG   :     rbp 00007ffd7c9fdd00  rsp 00007ffd7c9fdc98  rip 00007568fb4b4be0
10-07 17:02:37.328 20512 20512 F DEBUG   : 4 total frames
10-07 17:02:37.328 20512 20512 F DEBUG   : backtrace:
10-07 17:02:37.328 20512 20512 F DEBUG   :       #00 pc 00007568fb4b4be0  <unknown>
10-07 17:02:37.328 20512 20512 F DEBUG   :       #01 pc 000000000005846f  /apex/com.android.runtime/lib64/bionic/libc.so (__cxa_finalize+287) (BuildId: 52bc34193ef6f6311bbb44f2305d1b1d)
10-07 17:02:37.328 20512 20512 F DEBUG   :       #02 pc 000000000005c83f  /apex/com.android.runtime/lib64/bionic/libc.so (exit+31) (BuildId: 52bc34193ef6f6311bbb44f2305d1b1d)
10-07 17:02:37.328 20512 20512 F DEBUG   :       #03 pc 00000000000520dc  /apex/com.android.runtime/lib64/bionic/libc.so (__libc_init+124) (BuildId: 52bc34193ef6f6311bbb44f2305d1b1d)
10-07 17:06:24.169 20837 20837 F libc    : Fatal signal 11 (SIGSEGV), code 1 (SEGV_MAPERR), fault addr 0x77b58e0d2be0 in tid 20837 (Shutdown thread), pid 20837 (Shutdown thread)
10-07 17:06:24.206 20863 20863 F DEBUG   : *** *** *** *** *** *** *** *** *** *** *** *** *** *** *** ***
10-07 17:06:24.206 20863 20863 F DEBUG   : Build fingerprint: 'HONOR/Bvlgari/Bvlgari:15/V417IR/1085:user/release-keys'
10-07 17:06:24.206 20863 20863 F DEBUG   : Revision: '0'
10-07 17:06:24.206 20863 20863 F DEBUG   : ABI: 'x86_64'
10-07 17:06:24.206 20863 20863 F DEBUG   : Timestamp: 2026-10-07 17:06:24.184613456+0800
10-07 17:06:24.206 20863 20863 F DEBUG   : Process uptime: 3s
10-07 17:06:24.206 20863 20863 F DEBUG   : Cmdline: uiautomator
10-07 17:06:24.206 20863 20863 F DEBUG   : pid: 20837, tid: 20837, name: Shutdown thread  >>> uiautomator <<<
10-07 17:06:24.206 20863 20863 F DEBUG   : uid: 2000
10-07 17:06:24.206 20863 20863 F DEBUG   : signal 11 (SIGSEGV), code 1 (SEGV_MAPERR), fault addr 0x000077b58e0d2be0
10-07 17:06:24.206 20863 20863 F DEBUG   :     rax 0000000000000000  rbx 000077b878b7089c  rcx 0000000000000001  rdx 0000000000000002
10-07 17:06:24.206 20863 20863 F DEBUG   :     r8  000077b878b67fa4  r9  00000000000032e8  r10 0000000000000000  r11 0000000000000206
10-07 17:06:24.206 20863 20863 F DEBUG   :     r12 0000000000001000  r13 00000000000005b7  r14 000077b58e0d2be0  r15 0000000000008928
10-07 17:06:24.206 20863 20863 F DEBUG   :     rdi 000077b58e498ee8  rsi 0000000000001000
10-07 17:06:24.206 20863 20863 F DEBUG   :     rbp 00007ffd6df7bde0  rsp 00007ffd6df7bd78  rip 000077b58e0d2be0
10-07 17:06:24.206 20863 20863 F DEBUG   : 4 total frames
10-07 17:06:24.206 20863 20863 F DEBUG   : backtrace:
10-07 17:06:24.206 20863 20863 F DEBUG   :       #00 pc 000077b58e0d2be0  <unknown>
10-07 17:06:24.206 20863 20863 F DEBUG   :       #01 pc 000000000005846f  /apex/com.android.runtime/lib64/bionic/libc.so (__cxa_finalize+287) (BuildId: 52bc34193ef6f6311bbb44f2305d1b1d)
10-07 17:06:24.206 20863 20863 F DEBUG   :       #02 pc 000000000005c83f  /apex/com.android.runtime/lib64/bionic/libc.so (exit+31) (BuildId: 52bc34193ef6f6311bbb44f2305d1b1d)
10-07 17:06:24.206 20863 20863 F DEBUG   :       #03 pc 00000000000520dc  /apex/com.android.runtime/lib64/bionic/libc.so (__libc_init+124) (BuildId: 52bc34193ef6f6311bbb44f2305d1b1d)
10-07 17:06:28.220 20983 20983 F libc    : Fatal signal 11 (SIGSEGV), code 1 (SEGV_MAPERR), fault addr 0x7be3010d7be0 in tid 20983 (Shutdown thread), pid 20983 (Shutdown thread)
10-07 17:06:28.246 21008 21008 F DEBUG   : *** *** *** *** *** *** *** *** *** *** *** *** *** *** *** ***
10-07 17:06:28.246 21008 21008 F DEBUG   : Build fingerprint: 'HONOR/Bvlgari/Bvlgari:15/V417IR/1085:user/release-keys'
10-07 17:06:28.246 21008 21008 F DEBUG   : Revision: '0'
10-07 17:06:28.246 21008 21008 F DEBUG   : ABI: 'x86_64'
10-07 17:06:28.246 21008 21008 F DEBUG   : Timestamp: 2026-10-07 17:06:28.228951582+0800
10-07 17:06:28.246 21008 21008 F DEBUG   : Process uptime: 3s
10-07 17:06:28.246 21008 21008 F DEBUG   : Cmdline: uiautomator
10-07 17:06:28.246 21008 21008 F DEBUG   : pid: 20983, tid: 20983, name: Shutdown thread  >>> uiautomator <<<
10-07 17:06:28.246 21008 21008 F DEBUG   : uid: 2000
10-07 17:06:28.246 21008 21008 F DEBUG   : signal 11 (SIGSEGV), code 1 (SEGV_MAPERR), fault addr 0x00007be3010d7be0
10-07 17:06:28.246 21008 21008 F DEBUG   :     rax 0000000000000000  rbx 00007be5c910689c  rcx 0000000000000001  rdx 0000000000000002
10-07 17:06:28.247 21008 21008 F DEBUG   :     r8  0000000000000020  r9  0000000000020002  r10 0000000000000001  r11 0000000000000206
10-07 17:06:28.247 21008 21008 F DEBUG   :     r12 0000000000001000  r13 00000000000005b7  r14 00007be3010d7be0  r15 0000000000008928
10-07 17:06:28.247 21008 21008 F DEBUG   :     rdi 00007be30149dee8  rsi 0000000000001000
10-07 17:06:28.247 21008 21008 F DEBUG   :     rbp 00007fff29372c90  rsp 00007fff29372c28  rip 00007be3010d7be0
10-07 17:06:28.247 21008 21008 F DEBUG   : 4 total frames
10-07 17:06:28.247 21008 21008 F DEBUG   : backtrace:
10-07 17:06:28.247 21008 21008 F DEBUG   :       #00 pc 00007be3010d7be0  <unknown>
10-07 17:06:28.247 21008 21008 F DEBUG   :       #01 pc 000000000005846f  /apex/com.android.runtime/lib64/bionic/libc.so (__cxa_finalize+287) (BuildId: 52bc34193ef6f6311bbb44f2305d1b1d)
10-07 17:06:28.247 21008 21008 F DEBUG   :       #02 pc 000000000005c83f  /apex/com.android.runtime/lib64/bionic/libc.so (exit+31) (BuildId: 52bc34193ef6f6311bbb44f2305d1b1d)
10-07 17:06:28.247 21008 21008 F DEBUG   :       #03 pc 00000000000520dc  /apex/com.android.runtime/lib64/bionic/libc.so (__libc_init+124) (BuildId: 52bc34193ef6f6311bbb44f2305d1b1d)
10-07 17:06:31.798 21029 21029 F libc    : Fatal signal 11 (SIGSEGV), code 1 (SEGV_MAPERR), fault addr 0x77bfa7e87be0 in tid 21029 (Shutdown thread), pid 21029 (Shutdown thread)
10-07 17:06:31.858 21046 21046 F DEBUG   : *** *** *** *** *** *** *** *** *** *** *** *** *** *** *** ***
10-07 17:06:31.858 21046 21046 F DEBUG   : Build fingerprint: 'HONOR/Bvlgari/Bvlgari:15/V417IR/1085:user/release-keys'
10-07 17:06:31.858 21046 21046 F DEBUG   : Revision: '0'
10-07 17:06:31.858 21046 21046 F DEBUG   : ABI: 'x86_64'
10-07 17:06:31.858 21046 21046 F DEBUG   : Timestamp: 2026-10-07 17:06:31.840179287+0800
10-07 17:06:31.858 21046 21046 F DEBUG   : Process uptime: 3s
10-07 17:06:31.858 21046 21046 F DEBUG   : Cmdline: uiautomator
10-07 17:06:31.858 21046 21046 F DEBUG   : pid: 21029, tid: 21029, name: Shutdown thread  >>> uiautomator <<<
10-07 17:06:31.858 21046 21046 F DEBUG   : uid: 2000
10-07 17:06:31.858 21046 21046 F DEBUG   : signal 11 (SIGSEGV), code 1 (SEGV_MAPERR), fault addr 0x000077bfa7e87be0
10-07 17:06:31.858 21046 21046 F DEBUG   :     rax 0000000000000000  rbx 000077c27177b89c  rcx 0000000000000001  rdx 0000000000000002
10-07 17:06:31.858 21046 21046 F DEBUG   :     r8  0000000000000020  r9  0000000000020002  r10 0000000000000001  r11 0000000000000206
10-07 17:06:31.858 21046 21046 F DEBUG   :     r12 0000000000001000  r13 00000000000005b7  r14 000077bfa7e87be0  r15 0000000000008928
10-07 17:06:31.858 21046 21046 F DEBUG   :     rdi 000077bfa824dee8  rsi 0000000000001000
10-07 17:06:31.858 21046 21046 F DEBUG   :     rbp 00007fffb1f2d150  rsp 00007fffb1f2d0e8  rip 000077bfa7e87be0
10-07 17:06:31.858 21046 21046 F DEBUG   : 4 total frames
10-07 17:06:31.858 21046 21046 F DEBUG   : backtrace:
10-07 17:06:31.858 21046 21046 F DEBUG   :       #00 pc 000077bfa7e87be0  <unknown>
10-07 17:06:31.858 21046 21046 F DEBUG   :       #01 pc 000000000005846f  /apex/com.android.runtime/lib64/bionic/libc.so (__cxa_finalize+287) (BuildId: 52bc34193ef6f6311bbb44f2305d1b1d)
10-07 17:06:31.858 21046 21046 F DEBUG   :       #02 pc 000000000005c83f  /apex/com.android.runtime/lib64/bionic/libc.so (exit+31) (BuildId: 52bc34193ef6f6311bbb44f2305d1b1d)
10-07 17:06:31.858 21046 21046 F DEBUG   :       #03 pc 00000000000520dc  /apex/com.android.runtime/lib64/bionic/libc.so (__libc_init+124) (BuildId: 52bc34193ef6f6311bbb44f2305d1b1d)
10-07 17:06:35.933 21090 21090 F libc    : Fatal signal 7 (SIGBUS), code 2 (BUS_ADRERR), fault addr 0x74cd6688bbe0 in tid 21090 (Shutdown thread), pid 21090 (Shutdown thread)
10-07 17:06:35.960 21137 21137 F DEBUG   : *** *** *** *** *** *** *** *** *** *** *** *** *** *** *** ***
10-07 17:06:35.961 21137 21137 F DEBUG   : Build fingerprint: 'HONOR/Bvlgari/Bvlgari:15/V417IR/1085:user/release-keys'
10-07 17:06:35.961 21137 21137 F DEBUG   : Revision: '0'
10-07 17:06:35.961 21137 21137 F DEBUG   : ABI: 'x86_64'
10-07 17:06:35.961 21137 21137 F DEBUG   : Timestamp: 2026-10-07 17:06:35.941722067+0800
10-07 17:06:35.961 21137 21137 F DEBUG   : Process uptime: 3s
10-07 17:06:35.961 21137 21137 F DEBUG   : Cmdline: uiautomator
10-07 17:06:35.961 21137 21137 F DEBUG   : pid: 21090, tid: 21090, name: Shutdown thread  >>> uiautomator <<<
10-07 17:06:35.961 21137 21137 F DEBUG   : uid: 2000
10-07 17:06:35.961 21137 21137 F DEBUG   : signal 7 (SIGBUS), code 2 (BUS_ADRERR), fault addr 0x000074cd6688bbe0
10-07 17:06:35.961 21137 21137 F DEBUG   :     rax 0000000000000000  rbx 000074d05cf7689c  rcx 0000000000000001  rdx 0000000000000002
10-07 17:06:35.961 21137 21137 F DEBUG   :     r8  0000000000000020  r9  0000000000020002  r10 0000000000000001  r11 0000000000000206
10-07 17:06:35.961 21137 21137 F DEBUG   :     r12 0000000000001000  r13 00000000000005b7  r14 000074cd6688bbe0  r15 0000000000008928
10-07 17:06:35.961 21137 21137 F DEBUG   :     rdi 000074cd66c51ee8  rsi 0000000000001000
10-07 17:06:35.961 21137 21137 F DEBUG   :     rbp 00007ffc66149e90  rsp 00007ffc66149e28  rip 000074cd6688bbe0
10-07 17:06:35.961 21137 21137 F DEBUG   : 4 total frames
10-07 17:06:35.961 21137 21137 F DEBUG   : backtrace:
10-07 17:06:35.961 21137 21137 F DEBUG   :       #00 pc 000074cd6688bbe0  <unknown>
10-07 17:06:35.961 21137 21137 F DEBUG   :       #01 pc 000000000005846f  /apex/com.android.runtime/lib64/bionic/libc.so (__cxa_finalize+287) (BuildId: 52bc34193ef6f6311bbb44f2305d1b1d)
10-07 17:06:35.961 21137 21137 F DEBUG   :       #02 pc 000000000005c83f  /apex/com.android.runtime/lib64/bionic/libc.so (exit+31) (BuildId: 52bc34193ef6f6311bbb44f2305d1b1d)
10-07 17:06:35.961 21137 21137 F DEBUG   :       #03 pc 00000000000520dc  /apex/com.android.runtime/lib64/bionic/libc.so (__libc_init+124) (BuildId: 52bc34193ef6f6311bbb44f2305d1b1d)
10-07 17:06:42.583 21318 21318 F libc    : Fatal signal 11 (SIGSEGV), code 2 (SEGV_ACCERR), fault addr 0x761b5b27fbe0 in tid 21318 (Shutdown thread), pid 21318 (Shutdown thread)
10-07 17:06:42.614 21334 21334 F DEBUG   : *** *** *** *** *** *** *** *** *** *** *** *** *** *** *** ***
10-07 17:06:42.614 21334 21334 F DEBUG   : Build fingerprint: 'HONOR/Bvlgari/Bvlgari:15/V417IR/1085:user/release-keys'
10-07 17:06:42.614 21334 21334 F DEBUG   : Revision: '0'
10-07 17:06:42.614 21334 21334 F DEBUG   : ABI: 'x86_64'
10-07 17:06:42.614 21334 21334 F DEBUG   : Timestamp: 2026-10-07 17:06:42.595215039+0800
10-07 17:06:42.614 21334 21334 F DEBUG   : Process uptime: 3s
10-07 17:06:42.614 21334 21334 F DEBUG   : Cmdline: uiautomator
10-07 17:06:42.614 21334 21334 F DEBUG   : pid: 21318, tid: 21318, name: Shutdown thread  >>> uiautomator <<<
10-07 17:06:42.614 21334 21334 F DEBUG   : uid: 2000
10-07 17:06:42.614 21334 21334 F DEBUG   : signal 11 (SIGSEGV), code 2 (SEGV_ACCERR), fault addr 0x0000761b5b27fbe0
10-07 17:06:42.614 21334 21334 F DEBUG   : Cause: trying to execute non-executable memory.
10-07 17:06:42.614 21334 21334 F DEBUG   :     rax 0000000000000000  rbx 0000761e4f2f389c  rcx 0000000000000001  rdx 0000000000000002
10-07 17:06:42.614 21334 21334 F DEBUG   :     r8  0000000000000020  r9  0000000000020002  r10 0000000000000001  r11 0000000000000206
10-07 17:06:42.614 21334 21334 F DEBUG   :     r12 0000000000001000  r13 00000000000005b7  r14 0000761b5b27fbe0  r15 0000000000008928
10-07 17:06:42.614 21334 21334 F DEBUG   :     rdi 0000761b5b645ee8  rsi 0000000000001000
10-07 17:06:42.614 21334 21334 F DEBUG   :     rbp 00007fffffbfdf10  rsp 00007fffffbfdea8  rip 0000761b5b27fbe0
10-07 17:06:42.614 21334 21334 F DEBUG   : 4 total frames
10-07 17:06:42.614 21334 21334 F DEBUG   : backtrace:
10-07 17:06:42.614 21334 21334 F DEBUG   :       #00 pc 000000000027fbe0  <anonymous:761b5b000000>
10-07 17:06:42.614 21334 21334 F DEBUG   :       #01 pc 000000000005846f  /apex/com.android.runtime/lib64/bionic/libc.so (__cxa_finalize+287) (BuildId: 52bc34193ef6f6311bbb44f2305d1b1d)
10-07 17:06:42.614 21334 21334 F DEBUG   :       #02 pc 000000000005c83f  /apex/com.android.runtime/lib64/bionic/libc.so (exit+31) (BuildId: 52bc34193ef6f6311bbb44f2305d1b1d)
10-07 17:06:42.614 21334 21334 F DEBUG   :       #03 pc 00000000000520dc  /apex/com.android.runtime/lib64/bionic/libc.so (__libc_init+124) (BuildId: 52bc34193ef6f6311bbb44f2305d1b1d)
10-07 17:37:02.439   899   920 E AndroidRuntime: *** FATAL EXCEPTION IN SYSTEM PROCESS: android.ui
10-07 17:37:02.439   899   920 E AndroidRuntime: java.lang.IllegalStateException: register failed, the sensor listeners size has exceeded the maximum limit 128
10-07 17:37:02.439   899   920 E AndroidRuntime: 	at android.hardware.SystemSensorManager.registerListenerImpl(SystemSensorManager.java:265)
10-07 17:37:02.439   899   920 E AndroidRuntime: 	at android.hardware.SensorManager.registerListener(SensorManager.java:889)
10-07 17:37:02.439   899   920 E AndroidRuntime: 	at com.android.server.wm.WindowOrientationListener.enable(WindowOrientationListener.java:193)
10-07 17:37:02.439   899   920 E AndroidRuntime: 	at com.android.server.wm.WindowOrientationListener.enable(WindowOrientationListener.java:168)
10-07 17:37:02.439   899   920 E AndroidRuntime: 	at com.android.server.wm.DisplayRotation$OrientationListener.run(DisplayRotation.java:2191)
10-07 17:37:02.439   899   920 E AndroidRuntime: 	at android.os.Handler.handleCallback(Handler.java:991)
10-07 17:37:02.439   899   920 E AndroidRuntime: 	at android.os.Handler.dispatchMessage(Handler.java:102)
10-07 17:37:02.439   899   920 E AndroidRuntime: 	at android.os.Looper.loopOnce(Looper.java:232)
10-07 17:37:02.439   899   920 E AndroidRuntime: 	at android.os.Looper.loop(Looper.java:317)
10-07 17:37:02.439   899   920 E AndroidRuntime: 	at android.os.HandlerThread.run(HandlerThread.java:85)
10-07 17:37:02.439   899   920 E AndroidRuntime: 	at com.android.server.ServiceThread.run(ServiceThread.java:49)
10-07 17:37:02.439   899   920 E AndroidRuntime: 	at com.android.server.UiThread.run(UiThread.java:45)
10-07 17:37:03.357  1163  1285 E AndroidRuntime: FATAL EXCEPTION: wmshell.main
10-07 17:37:03.357  1163  1285 E AndroidRuntime: Process: com.android.systemui, PID: 1163
10-07 17:37:03.357  1163  1285 E AndroidRuntime: DeadSystemException: The system died; earlier logs will point to the root cause
10-07 17:37:03.486 31105 31105 F libc    : Fatal signal 11 (SIGSEGV), code 1 (SEGV_MAPERR), fault addr 0x7c3197269be0 in tid 31105 (Shutdown thread), pid 31105 (Shutdown thread)
10-07 17:37:03.548 32188 32188 F DEBUG   : *** *** *** *** *** *** *** *** *** *** *** *** *** *** *** ***
10-07 17:37:03.548 32188 32188 F DEBUG   : Build fingerprint: 'HONOR/Bvlgari/Bvlgari:15/V417IR/1085:user/release-keys'
10-07 17:37:03.548 32188 32188 F DEBUG   : Revision: '0'
10-07 17:37:03.548 32188 32188 F DEBUG   : ABI: 'x86_64'
10-07 17:37:03.548 32188 32188 F DEBUG   : Timestamp: 2026-10-07 17:37:03.511750975+0800
10-07 17:37:03.548 32188 32188 F DEBUG   : Process uptime: 40s
10-07 17:37:03.548 32188 32188 F DEBUG   : Cmdline: app_process /system/bin com.android.commands.am.Am instrument -w org.shufang.android.test/androidx.test.runner.AndroidJUnitRunner
10-07 17:37:03.548 32188 32188 F DEBUG   : pid: 31105, tid: 31105, name: Shutdown thread  >>> app_process <<<
10-07 17:37:03.548 32188 32188 F DEBUG   : uid: 2000
10-07 17:37:03.548 32188 32188 F DEBUG   : signal 11 (SIGSEGV), code 1 (SEGV_MAPERR), fault addr 0x00007c3197269be0
10-07 17:37:03.548 32188 32188 F DEBUG   :     rax 0000000000000000  rbx 00007c3490bc489c  rcx 0000000000000001  rdx 0000000000000002
10-07 17:37:03.548 32188 32188 F DEBUG   :     r8  0000000000000338  r9  0000000000338010  r10 0000000000000000  r11 0000000000000206
10-07 17:37:03.548 32188 32188 F DEBUG   :     r12 0000000000001000  r13 00000000000005b7  r14 00007c3197269be0  r15 0000000000008928
10-07 17:37:03.548 32188 32188 F DEBUG   :     rdi 00007c319762fee8  rsi 0000000000001000
10-07 17:37:03.548 32188 32188 F DEBUG   :     rbp 00007fff1d53a130  rsp 00007fff1d53a0c8  rip 00007c3197269be0
10-07 17:37:03.548 32188 32188 F DEBUG   : 4 total frames
10-07 17:37:03.548 32188 32188 F DEBUG   : backtrace:
10-07 17:37:03.548 32188 32188 F DEBUG   :       #00 pc 00007c3197269be0  <unknown>
10-07 17:37:03.548 32188 32188 F DEBUG   :       #01 pc 000000000005846f  /apex/com.android.runtime/lib64/bionic/libc.so (__cxa_finalize+287) (BuildId: 52bc34193ef6f6311bbb44f2305d1b1d)
10-07 17:37:03.548 32188 32188 F DEBUG   :       #02 pc 000000000005c83f  /apex/com.android.runtime/lib64/bionic/libc.so (exit+31) (BuildId: 52bc34193ef6f6311bbb44f2305d1b1d)
10-07 17:37:03.548 32188 32188 F DEBUG   :       #03 pc 00000000000520dc  /apex/com.android.runtime/lib64/bionic/libc.so (__libc_init+124) (BuildId: 52bc34193ef6f6311bbb44f2305d1b1d)
