INSTRUMENTATION_STATUS: class=org.shufang.android.RealServerTest
INSTRUMENTATION_STATUS: current=1
INSTRUMENTATION_STATUS: id=AndroidJUnitRunner
INSTRUMENTATION_STATUS: numtests=2
INSTRUMENTATION_STATUS: stream=
org.shufang.android.RealServerTest:
INSTRUMENTATION_STATUS: test=existingAccountSessionCanReadSyncCapabilities
INSTRUMENTATION_STATUS_CODE: 1
INSTRUMENTATION_STATUS: class=org.shufang.android.RealServerTest
INSTRUMENTATION_STATUS: current=1
INSTRUMENTATION_STATUS: id=AndroidJUnitRunner
INSTRUMENTATION_STATUS: numtests=2
INSTRUMENTATION_STATUS: stack=org.junit.AssumptionViolatedException: User must sign in to us in the app for authenticated validation
	at org.junit.Assume.assumeTrue(Assume.java:68)
	at org.shufang.android.RealServerTest$existingAccountSessionCanReadSyncCapabilities$1.invokeSuspend(RealServerTest.kt:28)
	at kotlin.coroutines.jvm.internal.BaseContinuationImpl.resumeWith(ContinuationImpl.kt:34)
	at kotlinx.coroutines.DispatchedTask.run(DispatchedTask.kt:100)
	at kotlinx.coroutines.EventLoopImplBase.processNextEvent(EventLoop.common.kt:263)
	at kotlinx.coroutines.BlockingCoroutine.joinBlocking(Builders.kt:94)
	at kotlinx.coroutines.BuildersKt__BuildersKt.runBlocking(Builders.kt:70)
	at kotlinx.coroutines.BuildersKt.runBlocking(Unknown Source:1)
	at kotlinx.coroutines.BuildersKt__BuildersKt.runBlocking$default(Builders.kt:48)
	at kotlinx.coroutines.BuildersKt.runBlocking$default(Unknown Source:1)
	at org.shufang.android.RealServerTest.existingAccountSessionCanReadSyncCapabilities(RealServerTest.kt:24)

INSTRUMENTATION_STATUS: stream=
org.shufang.android.RealServerTest:
INSTRUMENTATION_STATUS: test=existingAccountSessionCanReadSyncCapabilities
INSTRUMENTATION_STATUS_CODE: -4
INSTRUMENTATION_STATUS: class=org.shufang.android.RealServerTest
INSTRUMENTATION_STATUS: current=2
INSTRUMENTATION_STATUS: id=AndroidJUnitRunner
INSTRUMENTATION_STATUS: numtests=2
INSTRUMENTATION_STATUS: stream=
INSTRUMENTATION_STATUS: test=publicSessionUsesAndroidTlsAndReportsConfiguredAccount
INSTRUMENTATION_STATUS_CODE: 1
INSTRUMENTATION_STATUS: class=org.shufang.android.RealServerTest
INSTRUMENTATION_STATUS: current=2
INSTRUMENTATION_STATUS: id=AndroidJUnitRunner
INSTRUMENTATION_STATUS: numtests=2
INSTRUMENTATION_STATUS: stream=.
INSTRUMENTATION_STATUS: test=publicSessionUsesAndroidTlsAndReportsConfiguredAccount
INSTRUMENTATION_STATUS_CODE: 0
INSTRUMENTATION_RESULT: stream=

Time: 2.462

OK (2 tests)


INSTRUMENTATION_CODE: -1
