
org.shufang.android.LibraryOperationsTest:
Error in touchFolderCreationBatchMoveMetadataAndDeletion(org.shufang.android.LibraryOperationsTest):
java.lang.IllegalStateException: No compose hierarchies found in the app. Possible reasons include: (1) the Activity that calls setContent did not launch; (2) setContent was not called; (3) setContent was called before the ComposeTestRule ran. If setContent is called by the Activity, make sure the Activity is launched after the ComposeTestRule runs
	at androidx.compose.ui.test.TestOwnerKt.getAllSemanticsNodes(TestOwner.kt:117)
	at androidx.compose.ui.test.SemanticsNodeInteraction.fetchSemanticsNodes$ui_test(SemanticsNodeInteraction.kt:64)
	at androidx.compose.ui.test.SemanticsNodeInteraction.fetchOneOrThrow(SemanticsNodeInteraction.kt:157)
	at androidx.compose.ui.test.SemanticsNodeInteraction.fetchOneOrThrow$default(SemanticsNodeInteraction.kt:150)
	at androidx.compose.ui.test.SemanticsNodeInteraction.fetchSemanticsNode(SemanticsNodeInteraction.kt:84)
	at androidx.compose.ui.test.ActionsKt.performTouchInput(Actions.kt:403)
	at androidx.compose.ui.test.AndroidActions.performClickImpl(Actions.android.kt:23)
	at androidx.compose.ui.test.ActionsKt.performClick(Actions.kt:61)
	at org.shufang.android.LibraryOperationsTest$touchFolderCreationBatchMoveMetadataAndDeletion$1.invokeSuspend$click(LibraryOperationsTest.kt:27)
	at org.shufang.android.LibraryOperationsTest$touchFolderCreationBatchMoveMetadataAndDeletion$1.invokeSuspend$select(LibraryOperationsTest.kt:30)
	at org.shufang.android.LibraryOperationsTest$touchFolderCreationBatchMoveMetadataAndDeletion$1.invokeSuspend(LibraryOperationsTest.kt:40)
	at kotlin.coroutines.jvm.internal.BaseContinuationImpl.resumeWith(ContinuationImpl.kt:34)
	at kotlinx.coroutines.DispatchedTask.run(DispatchedTask.kt:100)
	at kotlinx.coroutines.EventLoopImplBase.processNextEvent(EventLoop.common.kt:263)
	at kotlinx.coroutines.BlockingCoroutine.joinBlocking(Builders.kt:94)
	at kotlinx.coroutines.BuildersKt__BuildersKt.runBlocking(Builders.kt:70)
	at kotlinx.coroutines.BuildersKt.runBlocking(Unknown Source:1)
	at kotlinx.coroutines.BuildersKt__BuildersKt.runBlocking$default(Builders.kt:48)
	at kotlinx.coroutines.BuildersKt.runBlocking$default(Unknown Source:1)
	at org.shufang.android.LibraryOperationsTest.touchFolderCreationBatchMoveMetadataAndDeletion(LibraryOperationsTest.kt:19)


Time: 2.006
There was 1 failure:
1) touchFolderCreationBatchMoveMetadataAndDeletion(org.shufang.android.LibraryOperationsTest)
java.lang.IllegalStateException: No compose hierarchies found in the app. Possible reasons include: (1) the Activity that calls setContent did not launch; (2) setContent was not called; (3) setContent was called before the ComposeTestRule ran. If setContent is called by the Activity, make sure the Activity is launched after the ComposeTestRule runs
	at androidx.compose.ui.test.TestOwnerKt.getAllSemanticsNodes(TestOwner.kt:117)
	at androidx.compose.ui.test.SemanticsNodeInteraction.fetchSemanticsNodes$ui_test(SemanticsNodeInteraction.kt:64)
	at androidx.compose.ui.test.SemanticsNodeInteraction.fetchOneOrThrow(SemanticsNodeInteraction.kt:157)
	at androidx.compose.ui.test.SemanticsNodeInteraction.fetchOneOrThrow$default(SemanticsNodeInteraction.kt:150)
	at androidx.compose.ui.test.SemanticsNodeInteraction.fetchSemanticsNode(SemanticsNodeInteraction.kt:84)
	at androidx.compose.ui.test.ActionsKt.performTouchInput(Actions.kt:403)
	at androidx.compose.ui.test.AndroidActions.performClickImpl(Actions.android.kt:23)
	at androidx.compose.ui.test.ActionsKt.performClick(Actions.kt:61)
	at org.shufang.android.LibraryOperationsTest$touchFolderCreationBatchMoveMetadataAndDeletion$1.invokeSuspend$click(LibraryOperationsTest.kt:27)
	at org.shufang.android.LibraryOperationsTest$touchFolderCreationBatchMoveMetadataAndDeletion$1.invokeSuspend$select(LibraryOperationsTest.kt:30)
	at org.shufang.android.LibraryOperationsTest$touchFolderCreationBatchMoveMetadataAndDeletion$1.invokeSuspend(LibraryOperationsTest.kt:40)
	at kotlin.coroutines.jvm.internal.BaseContinuationImpl.resumeWith(ContinuationImpl.kt:34)
	at kotlinx.coroutines.DispatchedTask.run(DispatchedTask.kt:100)
	at kotlinx.coroutines.EventLoopImplBase.processNextEvent(EventLoop.common.kt:263)
	at kotlinx.coroutines.BlockingCoroutine.joinBlocking(Builders.kt:94)
	at kotlinx.coroutines.BuildersKt__BuildersKt.runBlocking(Builders.kt:70)
	at kotlinx.coroutines.BuildersKt.runBlocking(Unknown Source:1)
	at kotlinx.coroutines.BuildersKt__BuildersKt.runBlocking$default(Builders.kt:48)
	at kotlinx.coroutines.BuildersKt.runBlocking$default(Unknown Source:1)
	at org.shufang.android.LibraryOperationsTest.touchFolderCreationBatchMoveMetadataAndDeletion(LibraryOperationsTest.kt:19)

FAILURES!!!
Tests run: 1,  Failures: 1


